---
source: tests/integration_tests/basic_types.rs
expression: output
snapshot_kind: text
---
import { b } from '@zorsh/zorsh';

export const StatusSchema = b.enum({
    Active: b.unit(),
    Inactive: b.unit(),
    Pending: b.unit()
});

export {
    StatusSchema
};
